{
  "version": "1.5.0",
  "plugins_used": [
    {
      "name": "ArtifactoryDetector"
    },
    {
      "name": "AWSKeyDetector"
    },
    {
      "name": "AzureStorageKeyDetector"
    },
    {
      "name": "Base64HighEntropyString",
      "limit": 4.5
    },
    {
      "name": "BasicAuthDetector"
    },
    {
      "name": "CloudantDetector"
    },
    {
      "name": "DiscordBotTokenDetector"
    },
    {
      "name": "GitHubTokenDetector"
    },
    {
      "name": "GitLabTokenDetector"
    },
    {
      "name": "HexHighEntropyString",
      "limit": 3.0
    },
    {
      "name": "IbmCloudIamDetector"
    },
    {
      "name": "IbmCosHmacDetector"
    },
    {
      "name": "IPPublicDetector"
    },
    {
      "name": "JwtTokenDetector"
    },
    {
      "name": "KeywordDetector",
      "keyword_exclude": ""
    },
    {
      "name": "MailchimpDetector"
    },
    {
      "name": "NpmDetector"
    },
    {
      "name": "OpenAIDetector"
    },
    {
      "name": "PrivateKeyDetector"
    },
    {
      "name": "PypiTokenDetector"
    },
    {
      "name": "SendGridDetector"
    },
    {
      "name": "SlackDetector"
    },
    {
      "name": "SoftlayerDetector"
    },
    {
      "name": "SquareOAuthDetector"
    },
    {
      "name": "StripeDetector"
    },
    {
      "name": "TelegramBotTokenDetector"
    },
    {
      "name": "TwilioKeyDetector"
    }
  ],
  "filters_used": [
    {
      "path": "detect_secrets.filters.allowlist.is_line_allowlisted"
    },
    {
      "path": "detect_secrets.filters.common.is_baseline_file",
      "filename": ".secrets.baseline"
    },
    {
      "path": "detect_secrets.filters.common.is_ignored_due_to_verification_policies",
      "min_level": 2
    },
    {
      "path": "detect_secrets.filters.heuristic.is_indirect_reference"
    },
    {
      "path": "detect_secrets.filters.heuristic.is_likely_id_string"
    },
    {
      "path": "detect_secrets.filters.heuristic.is_lock_file"
    },
    {
      "path": "detect_secrets.filters.heuristic.is_not_alphanumeric_string"
    },
    {
      "path": "detect_secrets.filters.heuristic.is_potential_uuid"
    },
    {
      "path": "detect_secrets.filters.heuristic.is_prefixed_with_dollar_sign"
    },
    {
      "path": "detect_secrets.filters.heuristic.is_sequential_string"
    },
    {
      "path": "detect_secrets.filters.heuristic.is_swagger_file"
    },
    {
      "path": "detect_secrets.filters.heuristic.is_templated_secret"
    }
  ],
  "results": {
    "docs/azur_setup.md": [
      {
        "type": "Secret Keyword",
        "filename": "docs/azur_setup.md",
        "hashed_secret": "00643da78e44fd430b3a8e1a8257937a565df3e5",
        "is_verified": false,
        "line_number": 144
      }
    ],
    "docs/environment_setup.md": [
      {
        "type": "Secret Keyword",
        "filename": "docs/environment_setup.md",
        "hashed_secret": "fb68266a0ecb6644636422a30ffe8948c8b3733e",
        "is_verified": false,
        "line_number": 152
      },
      {
        "type": "Secret Keyword",
        "filename": "docs/environment_setup.md",
        "hashed_secret": "dc40fa7cc342a8b392b187271dd461f243ae6315",
        "is_verified": false,
        "line_number": 153
      }
    ],
    "docs/roadmap.md": [
      {
        "type": "Secret Keyword",
        "filename": "docs/roadmap.md",
        "hashed_secret": "112f819f16a0a66ad47cd0d7085cdf4b2d9b8704",
        "is_verified": false,
        "line_number": 60
      }
    ],
    "infra/bicep/main.bicepparam": [
      {
        "type": "Secret Keyword",
        "filename": "infra/bicep/main.bicepparam",
        "hashed_secret": "112f819f16a0a66ad47cd0d7085cdf4b2d9b8704",
        "is_verified": false,
        "line_number": 22
      }
    ],
    "infra/terraform/container_apps.tf": [
      {
        "type": "Secret Keyword",
        "filename": "infra/terraform/container_apps.tf",
        "hashed_secret": "cdddc91ffd5f8235461971a365b58d2e6b24cec2",
        "is_verified": false,
        "line_number": 88
      }
    ],
    "infra/terraform/outputs.tf": [
      {
        "type": "Secret Keyword",
        "filename": "infra/terraform/outputs.tf",
        "hashed_secret": "eeceb4ddfefbfaf934a5b8664a88f2a894552538",
        "is_verified": false,
        "line_number": 102
      }
    ]
  },
  "generated_at": "2025-06-11T12:59:11Z"
}
